
[1m[30m[46m RUN [49m[39m[22m [36mv4.1.6 [39m[90mC:/Users/Miguel/Documents/Aplicaciones/_projects/villaluz/frontend[39m

node.exe : [90mstderr[2m | src/test/integration/animales.test.tsx[2m > [22m[2mMódulo Animales — Integración[2m > 
[22m[2mcarga y muestra la lista de animales
En línea: 1 Carácter: 1
+ & "C:\Program Files\nodejs/node.exe" "C:\Program Files\nodejs/node_mo ...
+ ~~~~~~~~~~~~~~~~~~~~~~~~~~~~~~~~~~~~~~~~~~~~~~~~~~~~~~~~~~~~~~~~~~~~~
    + CategoryInfo          : NotSpecified: ([90mstderr[2m...sta de animales:String) [], RemoteException
    + FullyQualifiedErrorId : NativeCommandError
 
[22m[39m[IndexedDBCache] Error al invalidar por prefijo: Error: IndexedDB not available
    at C:/Users/Miguel/Documents/Aplicaciones/_projects/villaluz/frontend/src/shared/api/cache/indexedDBCache.ts:33:14
    at new Promise (<anonymous>)
    at openDB 
(C:/Users/Miguel/Documents/Aplicaciones/_projects/villaluz/frontend/src/shared/api/cache/indexedDBCache.ts:31:10)
    at invalidateIndexedDBCacheByPrefix 
(C:/Users/Miguel/Documents/Aplicaciones/_projects/villaluz/frontend/src/shared/api/cache/indexedDBCache.ts:161:22)
    at AnimalsService.clearCache 
(C:/Users/Miguel/Documents/Aplicaciones/_projects/villaluz/frontend/src/shared/api/base-service.ts:111:13)
    at C:/Users/Miguel/Documents/Aplicaciones/_projects/villaluz/frontend/src/test/integration/animales.test.tsx:83:26

[90mstderr[2m | src/test/integration/animales.test.tsx[2m > [22m[2mMódulo Animales — Integración[2m > 
[22m[2mcarga y muestra la lista de animales
[22m[39m[IndexedDBCache] Error al invalidar por prefijo: Error: IndexedDB not available
    at C:/Users/Miguel/Documents/Aplicaciones/_projects/villaluz/frontend/src/shared/api/cache/indexedDBCache.ts:33:14
    at new Promise (<anonymous>)
    at openDB 
(C:/Users/Miguel/Documents/Aplicaciones/_projects/villaluz/frontend/src/shared/api/cache/indexedDBCache.ts:31:10)
    at invalidateIndexedDBCacheByPrefix 
(C:/Users/Miguel/Documents/Aplicaciones/_projects/villaluz/frontend/src/shared/api/cache/indexedDBCache.ts:161:22)
    at BreedsService.clearCache 
(C:/Users/Miguel/Documents/Aplicaciones/_projects/villaluz/frontend/src/shared/api/base-service.ts:111:13)
    at C:/Users/Miguel/Documents/Aplicaciones/_projects/villaluz/frontend/src/test/integration/animales.test.tsx:84:25

[90mstdout[2m | src/test/integration/animales.test.tsx[2m > [22m[2mMódulo Animales — Integración[2m > [22m[2mcarga y muestra la lista de animales
[22m[39m[api][gate] Iniciando comprobación /auth/me ...

[90mstdout[2m | src/test/integration/animales.test.tsx[2m > [22m[2mMódulo Animales — Integración[2m > [22m[2mcarga y muestra la lista de animales
[22m[39m[api][gate] /auth/me status: [33m200[39m
[api][gate] Finalizado. Estado = ready

[90mstdout[2m | src/test/integration/animales.test.tsx[2m > [22m[2mMódulo Animales — Integración[2m > [22m[2mcarga y muestra la lista de animales
[22m[39m[api][gate] Estado actualizado externamente a: ready

[90mstderr[2m | src/test/integration/animales.test.tsx[2m > [22m[2mMódulo Animales — Integración[2m > 
[22m[2mcarga y muestra la lista de animales
[22m[39m[IndexedDBCache] Error al guardar: Error: IndexedDB not available
    at C:/Users/Miguel/Documents/Aplicaciones/_projects/villaluz/frontend/src/shared/api/cache/indexedDBCache.ts:33:14
    at new Promise (<anonymous>)
    at openDB 
(C:/Users/Miguel/Documents/Aplicaciones/_projects/villaluz/frontend/src/shared/api/cache/indexedDBCache.ts:31:10)
    at setIndexedDBCache 
(C:/Users/Miguel/Documents/Aplicaciones/_projects/villaluz/frontend/src/shared/api/cache/indexedDBCache.ts:63:22)
    at writeCache 
(C:/Users/Miguel/Documents/Aplicaciones/_projects/villaluz/frontend/src/shared/api/cache-manager.ts:71:8)
    at C:/Users/Miguel/Documents/Aplicaciones/_projects/villaluz/frontend/src/shared/api/client.ts:93:7

[90mstderr[2m | src/test/integration/animales.test.tsx[2m > [22m[2mMódulo Animales — Integración[2m > 
[22m[2mcarga y muestra la lista de animales
[22m[39m[IndexedDBCache] Error al guardar: Error: IndexedDB not available
    at C:/Users/Miguel/Documents/Aplicaciones/_projects/villaluz/frontend/src/shared/api/cache/indexedDBCache.ts:33:14
    at new Promise (<anonymous>)
    at openDB 
(C:/Users/Miguel/Documents/Aplicaciones/_projects/villaluz/frontend/src/shared/api/cache/indexedDBCache.ts:31:10)
    at setIndexedDBCache 
(C:/Users/Miguel/Documents/Aplicaciones/_projects/villaluz/frontend/src/shared/api/cache/indexedDBCache.ts:63:22)
    at writeCache 
(C:/Users/Miguel/Documents/Aplicaciones/_projects/villaluz/frontend/src/shared/api/cache-manager.ts:71:8)
    at C:/Users/Miguel/Documents/Aplicaciones/_projects/villaluz/frontend/src/shared/api/client.ts:93:7

[90mstderr[2m | src/test/integration/animales.test.tsx[2m > [22m[2mMódulo Animales — Integración[2m > 
[22m[2mcarga y muestra la lista de animales
[22m[39m[MSW] Warning: intercepted a request without a matching request handler:

  • GET /api/v1/animal-fields

If you still wish to intercept this unhandled request, please create a request handler for it.
Read more: https://mswjs.io/docs/http/intercepting-requests

[90mstdout[2m | src/test/integration/animales.test.tsx[2m > [22m[2mMódulo Animales — Integración[2m > [22m[2mabre el modal de creación al hacer clic en Nuevo
[22m[39m[api][PWA] animal-fields headers: {
  etag: [32m'"e167a58a1baf907f55a2925a2e8665d1"'[39m,
  lastModified: [32m'Fri, 27 Mar 2026 00:30:19 GMT'[39m,
  cacheControl: [90mundefined[39m
}

[90mstderr[2m | src/test/integration/animales.test.tsx[2m > [22m[2mMódulo Animales — Integración[2m > 
[22m[2mabre el modal de creación al hacer clic en Nuevo
[22m[39m[IndexedDBCache] Error al guardar: Error: IndexedDB not available
    at C:/Users/Miguel/Documents/Aplicaciones/_projects/villaluz/frontend/src/shared/api/cache/indexedDBCache.ts:33:14
    at new Promise (<anonymous>)
    at openDB 
(C:/Users/Miguel/Documents/Aplicaciones/_projects/villaluz/frontend/src/shared/api/cache/indexedDBCache.ts:31:10)
    at setIndexedDBCache 
(C:/Users/Miguel/Documents/Aplicaciones/_projects/villaluz/frontend/src/shared/api/cache/indexedDBCache.ts:63:22)
    at writeCache 
(C:/Users/Miguel/Documents/Aplicaciones/_projects/villaluz/frontend/src/shared/api/cache-manager.ts:71:8)
    at C:/Users/Miguel/Documents/Aplicaciones/_projects/villaluz/frontend/src/shared/api/client.ts:93:7
[90m    at processTicksAndRejections (node:internal/process/task_queues:104:5)[39m

[90mstderr[2m | src/test/integration/animales.test.tsx[2m > [22m[2mMódulo Animales — Integración[2m > 
[22m[2mabre el modal de creación al hacer clic en Nuevo
[22m[39m[IndexedDBCache] Error al guardar: Error: IndexedDB not available
    at C:/Users/Miguel/Documents/Aplicaciones/_projects/villaluz/frontend/src/shared/api/cache/indexedDBCache.ts:33:14
    at new Promise (<anonymous>)
    at openDB 
(C:/Users/Miguel/Documents/Aplicaciones/_projects/villaluz/frontend/src/shared/api/cache/indexedDBCache.ts:31:10)
    at setIndexedDBCache 
(C:/Users/Miguel/Documents/Aplicaciones/_projects/villaluz/frontend/src/shared/api/cache/indexedDBCache.ts:63:22)
    at AnimalFieldsService.setCache 
(C:/Users/Miguel/Documents/Aplicaciones/_projects/villaluz/frontend/src/shared/api/base-service.ts:102:10)
    at AnimalFieldsService.getAll 
(C:/Users/Miguel/Documents/Aplicaciones/_projects/villaluz/frontend/src/shared/api/base-service.ts:152:12)
[90m    at processTicksAndRejections (node:internal/process/task_queues:104:5)[39m
    at GeofenceService.refreshFences 
(C:/Users/Miguel/Documents/Aplicaciones/_projects/villaluz/frontend/src/shared/api/offline/GeofenceService.ts:23:19)

 [32m✓[39m src/test/integration/animales.test.tsx[2m > [22mMódulo Animales — Integración[2m > [22mcarga y muestra la lista de animales[33m 535[2mms[22m[39m
[90mstderr[2m | src/test/integration/animales.test.tsx[2m > [22m[2mMódulo Animales — Integración[2m > 
[22m[2mabre el modal de creación al hacer clic en Nuevo
[22m[39m[IndexedDBCache] Error al invalidar por prefijo: Error: IndexedDB not available
    at C:/Users/Miguel/Documents/Aplicaciones/_projects/villaluz/frontend/src/shared/api/cache/indexedDBCache.ts:33:14
    at new Promise (<anonymous>)
    at openDB 
(C:/Users/Miguel/Documents/Aplicaciones/_projects/villaluz/frontend/src/shared/api/cache/indexedDBCache.ts:31:10)
    at invalidateIndexedDBCacheByPrefix 
(C:/Users/Miguel/Documents/Aplicaciones/_projects/villaluz/frontend/src/shared/api/cache/indexedDBCache.ts:161:22)
    at AnimalsService.clearCache 
(C:/Users/Miguel/Documents/Aplicaciones/_projects/villaluz/frontend/src/shared/api/base-service.ts:111:13)
    at C:/Users/Miguel/Documents/Aplicaciones/_projects/villaluz/frontend/src/test/integration/animales.test.tsx:83:26

[90mstderr[2m | src/test/integration/animales.test.tsx[2m > [22m[2mMódulo Animales — Integración[2m > 
[22m[2mabre el modal de creación al hacer clic en Nuevo
[22m[39m[IndexedDBCache] Error al invalidar por prefijo: Error: IndexedDB not available
    at C:/Users/Miguel/Documents/Aplicaciones/_projects/villaluz/frontend/src/shared/api/cache/indexedDBCache.ts:33:14
    at new Promise (<anonymous>)
    at openDB 
(C:/Users/Miguel/Documents/Aplicaciones/_projects/villaluz/frontend/src/shared/api/cache/indexedDBCache.ts:31:10)
    at invalidateIndexedDBCacheByPrefix 
(C:/Users/Miguel/Documents/Aplicaciones/_projects/villaluz/frontend/src/shared/api/cache/indexedDBCache.ts:161:22)
    at BreedsService.clearCache 
(C:/Users/Miguel/Documents/Aplicaciones/_projects/villaluz/frontend/src/shared/api/base-service.ts:111:13)
    at C:/Users/Miguel/Documents/Aplicaciones/_projects/villaluz/frontend/src/test/integration/animales.test.tsx:84:25

[90mstdout[2m | src/test/integration/animales.test.tsx[2m > [22m[2mMódulo Animales — Integración[2m > [22m[2mabre el modal de creación al hacer clic en Nuevo
[22m[39m[api][gate] Estado actualizado externamente a: ready

[90mstderr[2m | src/test/integration/animales.test.tsx[2m > [22m[2mMódulo Animales — Integración[2m > 
[22m[2mabre el modal de creación al hacer clic en Nuevo
[22m[39m[IndexedDBCache] Error al guardar: Error: IndexedDB not available
    at C:/Users/Miguel/Documents/Aplicaciones/_projects/villaluz/frontend/src/shared/api/cache/indexedDBCache.ts:33:14
    at new Promise (<anonymous>)
    at openDB 
(C:/Users/Miguel/Documents/Aplicaciones/_projects/villaluz/frontend/src/shared/api/cache/indexedDBCache.ts:31:10)
    at setIndexedDBCache 
(C:/Users/Miguel/Documents/Aplicaciones/_projects/villaluz/frontend/src/shared/api/cache/indexedDBCache.ts:63:22)
    at writeCache 
(C:/Users/Miguel/Documents/Aplicaciones/_projects/villaluz/frontend/src/shared/api/cache-manager.ts:71:8)
    at C:/Users/Miguel/Documents/Aplicaciones/_projects/villaluz/frontend/src/shared/api/client.ts:93:7
[90m    at runNextTicks (node:internal/process/task_queues:65:5)[39m
[90m    at listOnTimeout (node:internal/timers:567:9)[39m
[90m    at processTimers (node:internal/timers:541:7)[39m

[90mstderr[2m | src/test/integration/animales.test.tsx[2m > [22m[2mMódulo Animales — Integración[2m > 
[22m[2mabre el modal de creación al hacer clic en Nuevo
[22m[39m[IndexedDBCache] Error al guardar: Error: IndexedDB not available
    at C:/Users/Miguel/Documents/Aplicaciones/_projects/villaluz/frontend/src/shared/api/cache/indexedDBCache.ts:33:14
    at new Promise (<anonymous>)
    at openDB 
(C:/Users/Miguel/Documents/Aplicaciones/_projects/villaluz/frontend/src/shared/api/cache/indexedDBCache.ts:31:10)
    at setIndexedDBCache 
(C:/Users/Miguel/Documents/Aplicaciones/_projects/villaluz/frontend/src/shared/api/cache/indexedDBCache.ts:63:22)
    at writeCache 
(C:/Users/Miguel/Documents/Aplicaciones/_projects/villaluz/frontend/src/shared/api/cache-manager.ts:71:8)
    at C:/Users/Miguel/Documents/Aplicaciones/_projects/villaluz/frontend/src/shared/api/client.ts:93:7
[90m    at runNextTicks (node:internal/process/task_queues:65:5)[39m
[90m    at processTimers (node:internal/timers:538:9)[39m

[90mstderr[2m | src/test/integration/animales.test.tsx[2m > [22m[2mMódulo Animales — Integración[2m > 
[22m[2mabre el modal de creación al hacer clic en Nuevo
[22m[39m[IndexedDBCache] Error al guardar: Error: IndexedDB not available
    at C:/Users/Miguel/Documents/Aplicaciones/_projects/villaluz/frontend/src/shared/api/cache/indexedDBCache.ts:33:14
    at new Promise (<anonymous>)
    at openDB 
(C:/Users/Miguel/Documents/Aplicaciones/_projects/villaluz/frontend/src/shared/api/cache/indexedDBCache.ts:31:10)
    at setIndexedDBCache 
(C:/Users/Miguel/Documents/Aplicaciones/_projects/villaluz/frontend/src/shared/api/cache/indexedDBCache.ts:63:22)
    at AnimalFieldsService.setCache 
(C:/Users/Miguel/Documents/Aplicaciones/_projects/villaluz/frontend/src/shared/api/base-service.ts:102:10)
    at AnimalFieldsService.getAll 
(C:/Users/Miguel/Documents/Aplicaciones/_projects/villaluz/frontend/src/shared/api/base-service.ts:152:12)
[90m    at runNextTicks (node:internal/process/task_queues:65:5)[39m
[90m    at processTimers (node:internal/timers:538:9)[39m
    at GeofenceService.refreshFences 
(C:/Users/Miguel/Documents/Aplicaciones/_projects/villaluz/frontend/src/shared/api/offline/GeofenceService.ts:23:19)

 [32m✓[39m src/test/integration/animales.test.tsx[2m > [22mMódulo Animales — Integración[2m > [22mabre el modal de creación al hacer clic en Nuevo[33m 695[2mms[22m[39m
[90mstderr[2m | src/test/integration/animales.test.tsx[2m > [22m[2mMódulo Animales — Integración[2m > 
[22m[2mmuestra error cuando falla la API de carga
[22m[39m[IndexedDBCache] Error al invalidar por prefijo: Error: IndexedDB not available
    at C:/Users/Miguel/Documents/Aplicaciones/_projects/villaluz/frontend/src/shared/api/cache/indexedDBCache.ts:33:14
    at new Promise (<anonymous>)
    at openDB 
(C:/Users/Miguel/Documents/Aplicaciones/_projects/villaluz/frontend/src/shared/api/cache/indexedDBCache.ts:31:10)
    at invalidateIndexedDBCacheByPrefix 
(C:/Users/Miguel/Documents/Aplicaciones/_projects/villaluz/frontend/src/shared/api/cache/indexedDBCache.ts:161:22)
    at AnimalsService.clearCache 
(C:/Users/Miguel/Documents/Aplicaciones/_projects/villaluz/frontend/src/shared/api/base-service.ts:111:13)
    at C:/Users/Miguel/Documents/Aplicaciones/_projects/villaluz/frontend/src/test/integration/animales.test.tsx:83:26

[90mstderr[2m | src/test/integration/animales.test.tsx[2m > [22m[2mMódulo Animales — Integración[2m > 
[22m[2mmuestra error cuando falla la API de carga
[22m[39m[IndexedDBCache] Error al invalidar por prefijo: Error: IndexedDB not available
    at C:/Users/Miguel/Documents/Aplicaciones/_projects/villaluz/frontend/src/shared/api/cache/indexedDBCache.ts:33:14
    at new Promise (<anonymous>)
    at openDB 
(C:/Users/Miguel/Documents/Aplicaciones/_projects/villaluz/frontend/src/shared/api/cache/indexedDBCache.ts:31:10)
    at invalidateIndexedDBCacheByPrefix 
(C:/Users/Miguel/Documents/Aplicaciones/_projects/villaluz/frontend/src/shared/api/cache/indexedDBCache.ts:161:22)
    at BreedsService.clearCache 
(C:/Users/Miguel/Documents/Aplicaciones/_projects/villaluz/frontend/src/shared/api/base-service.ts:111:13)
    at C:/Users/Miguel/Documents/Aplicaciones/_projects/villaluz/frontend/src/test/integration/animales.test.tsx:84:25

[90mstdout[2m | src/test/integration/animales.test.tsx[2m > [22m[2mMódulo Animales — Integración[2m > [22m[2mmuestra error cuando falla la API de carga
[22m[39m[api][gate] Estado actualizado externamente a: ready

[90mstderr[2m | src/test/integration/animales.test.tsx[2m > [22m[2mMódulo Animales — Integración[2m > 
[22m[2mmuestra error cuando falla la API de carga
[22m[39m[IndexedDBCache] Error al guardar: Error: IndexedDB not available
    at C:/Users/Miguel/Documents/Aplicaciones/_projects/villaluz/frontend/src/shared/api/cache/indexedDBCache.ts:33:14
    at new Promise (<anonymous>)
    at openDB 
(C:/Users/Miguel/Documents/Aplicaciones/_projects/villaluz/frontend/src/shared/api/cache/indexedDBCache.ts:31:10)
    at setIndexedDBCache 
(C:/Users/Miguel/Documents/Aplicaciones/_projects/villaluz/frontend/src/shared/api/cache/indexedDBCache.ts:63:22)
    at writeCache 
(C:/Users/Miguel/Documents/Aplicaciones/_projects/villaluz/frontend/src/shared/api/cache-manager.ts:71:8)
    at C:/Users/Miguel/Documents/Aplicaciones/_projects/villaluz/frontend/src/shared/api/client.ts:93:7
[90m    at runNextTicks (node:internal/process/task_queues:65:5)[39m
[90m    at processTimers (node:internal/timers:538:9)[39m

[90mstderr[2m | src/test/integration/animales.test.tsx[2m > [22m[2mMódulo Animales — Integración[2m > 
[22m[2mmuestra error cuando falla la API de carga
[22m[39mError al cargar opciones para el campo father_id: ApiFetchError: Request failed with status code 500
    at C:/Users/Miguel/Documents/Aplicaciones/_projects/villaluz/frontend/src/shared/api/interceptors.ts:288:13
[90m    at runNextTicks (node:internal/process/task_queues:65:5)[39m
[90m    at listOnTimeout (node:internal/timers:567:9)[39m
[90m    at processTimers (node:internal/timers:541:7)[39m
    at Axios.request [90m(file:///C:/Users/Miguel/Documents/Aplicaciones/_projects/villaluz/frontend/[39mnode_modules
/[4maxios[24m/lib/core/Axios.js:41:14[90m)[39m
    at Axios.request [90m(file:///C:/Users/Miguel/Documents/Aplicaciones/_projects/villaluz/frontend/[39mnode_modules
/[4maxios[24m/lib/core/Axios.js:46:41[90m)[39m
[90m    at runNextTicks (node:internal/process/task_queues:65:5)[39m
[90m    at listOnTimeout (node:internal/timers:567:9)[39m
[90m    at processTimers (node:internal/timers:541:7)[39m {
  code: [90mundefined[39m,
  details: [90mundefined[39m,
  traceId: [90mundefined[39m,
  status: [33m500[39m,
  original: AxiosError: Request failed with status code 500
      at settle [90m(file:///C:/Users/Miguel/Documents/Aplicaciones/_projects/villaluz/frontend/[39mnode_modules/[4m
axios[24m/lib/core/settle.js:20:7[90m)[39m
      at XMLHttpRequest.onloadend [90m(file:///C:/Users/Miguel/Documents/Aplicaciones/_projects/villaluz/frontend/[39
mnode_modules/[4maxios[24m/lib/adapters/xhr.js:62:9[90m)[39m
      at XMLHttpRequest.methodCall [90m(file:///C:/Users/Miguel/Documents/Aplicaciones/_projects/villaluz/frontend/[3
9mnode_modules/[4m@mswjs/interceptors[24m/lib/node/XMLHttpRequest-Dw6Wm-UU.mjs:342:22[90m)[39m
      at Proxy.<anonymous> [90m(file:///C:/Users/Miguel/Documents/Aplicaciones/_projects/villaluz/frontend/[39mnode_m
odules/[4m@mswjs/interceptors[24m/lib/node/XMLHttpRequest-Dw6Wm-UU.mjs:153:61[90m)[39m
      at XMLHttpRequestController.trigger [90m(file:///C:/Users/Miguel/Documents/Aplicaciones/_projects/villaluz/front
end/[39mnode_modules/[4m@mswjs/interceptors[24m/lib/node/XMLHttpRequest-Dw6Wm-UU.mjs:599:13[90m)[39m
      at finalizeResponse [90m(file:///C:/Users/Miguel/Documents/Aplicaciones/_projects/villaluz/frontend/[39mnode_mo
dules/[4m@mswjs/interceptors[24m/lib/node/XMLHttpRequest-Dw6Wm-UU.mjs:482:9[90m)[39m
      at readNextResponseBodyChunk [90m(file:///C:/Users/Miguel/Documents/Aplicaciones/_projects/villaluz/frontend/[3
9mnode_modules/[4m@mswjs/interceptors[24m/lib/node/XMLHttpRequest-Dw6Wm-UU.mjs:494:6[90m)[39m
  [90m    at runNextTicks (node:internal/process/task_queues:65:5)[39m
  [90m    at listOnTimeout (node:internal/timers:567:9)[39m
  [90m    at processTimers (node:internal/timers:541:7)[39m {
    isAxiosError: [33mtrue[39m,
    code: [32m'ERR_BAD_RESPONSE'[39m,
    config: [Object: null prototype] {
      transitional: [36m[Object][39m,
      adapter: [36m[Array][39m,
      transformRequest: [36m[Array][39m,
      transformResponse: [36m[Array][39m,
      timeout: [33m30000[39m,
      xsrfCookieName: [32m'XSRF-TOKEN'[39m,
      xsrfHeaderName: [32m'X-XSRF-TOKEN'[39m,
      maxContentLength: [33m-1[39m,
      maxBodyLength: [33m-1[39m,
      env: [36m[Object][39m,
      validateStatus: [36m[Function: validateStatus][39m,
      headers: [36m[Object [AxiosHeaders]][39m,
      withCredentials: [33mtrue[39m,
      baseURL: [32m'/api/v1'[39m,
      params: [36m[Object][39m,
      method: [32m'get'[39m,
      url: [32m'animals'[39m,
      allowAbsoluteUrls: [33mtrue[39m,
      data: [90mundefined[39m,
      _retry: [33mfalse[39m
    },
    request: XMLHttpRequest {
      open: [36m[Function: open][39m,
      setRequestHeader: [36m[Function: setRequestHeader][39m,
      send: [36m[Function: send][39m,
      abort: [36m[Function: abort][39m,
      getResponseHeader: [36m[Function (anonymous)][39m,
      getAllResponseHeaders: [36m[Function (anonymous)][39m,
      overrideMimeType: [36m[Function: overrideMimeType][39m,
      onreadystatechange: [36m[Getter/Setter][39m,
      readyState: [33m4[39m,
      timeout: [36m[Getter/Setter][39m,
      withCredentials: [36m[Getter/Setter][39m,
      upload: XMLHttpRequestUpload {},
      responseURL: 
[32m'http://localhost:3000/api/v1/animals?page=1&limit=200&sex=Macho&sort=created_at&sort_dir=desc'[39m,
      status: [33m500[39m,
      statusText: [32m'Internal Server Error'[39m,
      responseType: [36m[Getter/Setter][39m,
      response: [36m[Getter][39m,
      responseText: [36m[Getter][39m,
      responseXML: [36m[Getter][39m,
      UNSENT: [33m0[39m,
      OPENED: [33m1[39m,
      HEADERS_RECEIVED: [33m2[39m,
      LOADING: [33m3[39m,
      DONE: [33m4[39m,
      [32mSymbol(SameObject caches)[39m: [36m[Object: null prototype][39m
    },
    response: {
      data: [32m'Error interno'[39m,
      status: [33m500[39m,
      statusText: [32m'Internal Server Error'[39m,
      headers: [36m[Object [AxiosHeaders]][39m,
      config: [36m[Object: null prototype][39m,
      request: [36m[XMLHttpRequest][39m
    },
    status: [33m500[39m
  },
  validationErrors: [90mundefined[39m
}

[90mstderr[2m | src/test/integration/animales.test.tsx[2m > [22m[2mMódulo Animales — Integración[2m > 
[22m[2mmuestra error cuando falla la API de carga
[22m[39mError al cargar opciones para el campo mother_id: ApiFetchError: Request failed with status code 500
    at C:/Users/Miguel/Documents/Aplicaciones/_projects/villaluz/frontend/src/shared/api/interceptors.ts:288:13
[90m    at runNextTicks (node:internal/process/task_queues:65:5)[39m
[90m    at processTimers (node:internal/timers:538:9)[39m
    at Axios.request [90m(file:///C:/Users/Miguel/Documents/Aplicaciones/_projects/villaluz/frontend/[39mnode_modules
/[4maxios[24m/lib/core/Axios.js:41:14[90m)[39m
    at Axios.request [90m(file:///C:/Users/Miguel/Documents/Aplicaciones/_projects/villaluz/frontend/[39mnode_modules
/[4maxios[24m/lib/core/Axios.js:46:41[90m)[39m
[90m    at runNextTicks (node:internal/process/task_queues:65:5)[39m
[90m    at processTimers (node:internal/timers:538:9)[39m {
  code: [90mundefined[39m,
  details: [90mundefined[39m,
  traceId: [90mundefined[39m,
  status: [33m500[39m,
  original: AxiosError: Request failed with status code 500
      at settle [90m(file:///C:/Users/Miguel/Documents/Aplicaciones/_projects/villaluz/frontend/[39mnode_modules/[4m
axios[24m/lib/core/settle.js:20:7[90m)[39m
      at XMLHttpRequest.onloadend [90m(file:///C:/Users/Miguel/Documents/Aplicaciones/_projects/villaluz/frontend/[39
mnode_modules/[4maxios[24m/lib/adapters/xhr.js:62:9[90m)[39m
      at XMLHttpRequest.methodCall [90m(file:///C:/Users/Miguel/Documents/Aplicaciones/_projects/villaluz/frontend/[3
9mnode_modules/[4m@mswjs/interceptors[24m/lib/node/XMLHttpRequest-Dw6Wm-UU.mjs:342:22[90m)[39m
      at Proxy.<anonymous> [90m(file:///C:/Users/Miguel/Documents/Aplicaciones/_projects/villaluz/frontend/[39mnode_m
odules/[4m@mswjs/interceptors[24m/lib/node/XMLHttpRequest-Dw6Wm-UU.mjs:153:61[90m)[39m
      at XMLHttpRequestController.trigger [90m(file:///C:/Users/Miguel/Documents/Aplicaciones/_projects/villaluz/front
end/[39mnode_modules/[4m@mswjs/interceptors[24m/lib/node/XMLHttpRequest-Dw6Wm-UU.mjs:599:13[90m)[39m
      at finalizeResponse [90m(file:///C:/Users/Miguel/Documents/Aplicaciones/_projects/villaluz/frontend/[39mnode_mo
dules/[4m@mswjs/interceptors[24m/lib/node/XMLHttpRequest-Dw6Wm-UU.mjs:482:9[90m)[39m
      at readNextResponseBodyChunk [90m(file:///C:/Users/Miguel/Documents/Aplicaciones/_projects/villaluz/frontend/[3
9mnode_modules/[4m@mswjs/interceptors[24m/lib/node/XMLHttpRequest-Dw6Wm-UU.mjs:494:6[90m)[39m
  [90m    at runNextTicks (node:internal/process/task_queues:65:5)[39m
  [90m    at processTimers (node:internal/timers:538:9)[39m {
    isAxiosError: [33mtrue[39m,
    code: [32m'ERR_BAD_RESPONSE'[39m,
    config: [Object: null prototype] {
      transitional: [36m[Object][39m,
      adapter: [36m[Array][39m,
      transformRequest: [36m[Array][39m,
      transformResponse: [36m[Array][39m,
      timeout: [33m30000[39m,
      xsrfCookieName: [32m'XSRF-TOKEN'[39m,
      xsrfHeaderName: [32m'X-XSRF-TOKEN'[39m,
      maxContentLength: [33m-1[39m,
      maxBodyLength: [33m-1[39m,
      env: [36m[Object][39m,
      validateStatus: [36m[Function: validateStatus][39m,
      headers: [36m[Object [AxiosHeaders]][39m,
      withCredentials: [33mtrue[39m,
      baseURL: [32m'/api/v1'[39m,
      params: [36m[Object][39m,
      method: [32m'get'[39m,
      url: [32m'animals'[39m,
      allowAbsoluteUrls: [33mtrue[39m,
      data: [90mundefined[39m,
      _retry: [33mfalse[39m
    },
    request: XMLHttpRequest {
      open: [36m[Function: open][39m,
      setRequestHeader: [36m[Function: setRequestHeader][39m,
      send: [36m[Function: send][39m,
      abort: [36m[Function: abort][39m,
      getResponseHeader: [36m[Function (anonymous)][39m,
      getAllResponseHeaders: [36m[Function (anonymous)][39m,
      overrideMimeType: [36m[Function: overrideMimeType][39m,
      onreadystatechange: [36m[Getter/Setter][39m,
      readyState: [33m4[39m,
      timeout: [36m[Getter/Setter][39m,
      withCredentials: [36m[Getter/Setter][39m,
      upload: XMLHttpRequestUpload {},
      responseURL: 
[32m'http://localhost:3000/api/v1/animals?page=1&limit=200&sex=Hembra&sort=created_at&sort_dir=desc'[39m,
      status: [33m500[39m,
      statusText: [32m'Internal Server Error'[39m,
      responseType: [36m[Getter/Setter][39m,
      response: [36m[Getter][39m,
      responseText: [36m[Getter][39m,
      responseXML: [36m[Getter][39m,
      UNSENT: [33m0[39m,
      OPENED: [33m1[39m,
      HEADERS_RECEIVED: [33m2[39m,
      LOADING: [33m3[39m,
      DONE: [33m4[39m,
      [32mSymbol(SameObject caches)[39m: [36m[Object: null prototype][39m
    },
    response: {
      data: [32m'Error interno'[39m,
      status: [33m500[39m,
      statusText: [32m'Internal Server Error'[39m,
      headers: [36m[Object [AxiosHeaders]][39m,
      config: [36m[Object: null prototype][39m,
      request: [36m[XMLHttpRequest][39m
    },
    status: [33m500[39m
  },
  validationErrors: [90mundefined[39m
}

 [31m×[39m src/test/integration/animales.test.tsx[2m > [22mMódulo Animales — Integración[2m > [22mmuestra error cuando falla la API de carga[33m 4216[2mms[22m[39m
[31m   → Unable to find an element with the text: Error de Sistema. This could be because the text is broken up by multiple elements. In this case, you can provide a function for your text matcher to make your matcher more flexible.

Ignored nodes: comments, script, style
[36m<body[31m
  [33mclass[31m=[32m"theme-light"[31m
  [33mstyle[31m=[32m""[31m
[36m>[31m
  [36m<div>[31m
    [36m<div[31m
      [33mclass[31m=[32m"flex flex-col min-h-full relative overflow-y-auto bg-background"[31m
    [36m>[31m
      [36m<div[31m
        [33mclass[31m=[32m"absolute top-0 left-0 w-full h-full -z-10 overflow-hidden pointer-events-none"[31m
      [36m>[31m
        [36m<div[31m
          [33mclass[31m=[32m"absolute top-[-10%] right-[-10%] w-[50%] h-[50%] bg-primary/5 blur-[120px] rounded-[var(--radius-full)] animate-pulse"[31m
        [36m/>[31m
        [36m<div[31m
          [33mclass[31m=[32m"absolute bottom-[-10%] left-[-10%] w-[40%] h-[40%] bg-primary/5 blur-[120px] rounded-[var(--radius-full)] animate-pulse delay-700"[31m
        [36m/>[31m
      [36m</div>[31m
      [36m<div[31m
        [33mclass[31m=[32m"px-8 py-6 mb-2"[31m
      [36m>[31m
        [36m<div[31m
          [33mclass[31m=[32m"grid grid-cols-1 md:grid-cols-3 gap-6"[31m
        [36m>[31m
          [36m<div[31m
            [33mclass[31m=[32m"rounded-lg border-[var(--border-default)] bg-card text-card-foreground shadow-sm transition-all duration-300 ease-in-out hover:shadow-md hover:border-[var(--border-strong-line)] hover:-translate-y-0.5 bg-card/50 backdrop-blur-xl border-border shadow-[var(--shadow-token-lg)] shadow-primary/5 rounded-[2rem] overflow-hidden relative group transition-all duration-500 hover:scale-[1.02]"[31m
          [36m>[31m
            [36m<div[31m
              [33mclass[31m=[32m"absolute top-0 right-0 w-24 h-24 bg-primary/10 blur-3xl -mr-8 -mt-8 transition-all group-hover:scale-150"[31m
            [36m/>[31m
            [36m<div[31m
              [33mclass[31m=[32m"p-6 pt-0 text-card-foreground p-8"[31m
            [36m>[31m
              [36m<div[31m
                [33mclass[31m=[32m"flex flex-col"[31m
              [36m>[31m
                [36m<span[31m
                  [33mclass[31m=[32m"text-[10px] font-black uppercase tracking-[0.2em] text-primary/60 mb-2"[31m
                [36m>[31m
                  [0mPoblación Ganadera[0m
                [36m</span>[31m
                [36m<span[31m
                  [33mclass[31m=[32m"text-4xl font-black tracking-tighter text-foreground leading-none"[31m
                [36m>[31m
                  [0mVilla Luz[0m
                [36m</span>[31m
                [36m<span[31m
                  [33mclass[31m=[32m"text-[10px] font-bold text-muted-foreground/40 mt-2 uppercase tracking-widest"[31m
                [36m>[31m
                  [0mControl Genético v2.5[0m
                [36m</span>[31m
              [36m</div>[31m
            [36m</div>[31m
          [36m</div>[31m
          [36m<div[31m
            [33mclass[31m=[32m"rounded-lg border-[var(--border-default)] bg-card text-card-foreground shadow-sm transition-all duration-300 ease-in-out hover:shadow-md hover:border-[var(--border-strong-line)] hover:-translate-y-0.5 bg-card/50 backdrop-blur-xl border-border shadow-[var(--shadow-token-lg)] shadow-primary/5 rounded-[2rem] overflow-hidden relative group transition-all duration-500 hover:scale-[1.02]"[31m
          [36m>[31m
            [36m<div[31m
              [33mclass[31m=[32m"absolute top-0 right-0 w-24 h-24 bg-primary/10 blur-3xl -mr-8 -mt-8 transition-all group-hover:scale-150"[31m
            [36m/>[31m
            [36m<div[31m
              [33mclass[31m=[32m"p-6 pt-0 text-card-foreground p-8"[31m
            [36m>[31m
              [36m<div[31m
                [33mclass[31m=[32m"flex flex-col"[31m
              [36m>[31m
                [36m<span[31m
                  [33mclass[31m=[32m"text-[10px] font-black uppercase tracking-[0.2em] text-primary/60 mb-2"[31m
                [36m>[31m
                  [0mEstados Productivos[0m
                [36m</span>[31m
                [36m<span[31m
                  [33mclass[31m=[32m"text-4xl font-black tracking-tighter text-foreground leading-none"[31m
                [36m>[31m
                  [0mGestión Activa[0m
                [36m</span>[31m
                [36m<span[31m
                  [33mclass[31m=[32m"text-[10px] font-bold text-muted-foreground/40 mt-2 uppercase tracking-widest"[31m
                [36m>[31m
                  [0mMonitoreo Crystal[0m
                [36m</span>[31m
              [36m</div>[31m
            [36m</div>[31m
          [36m</div>[31m
          [36m<div[31m
            [33mclass[31m=[32m"rounded-lg border-[var(--border-default)] bg-card text-card-foreground shadow-sm transition-all duration-300 ease-in-out hover:shadow-md hover:border-[var(--border-strong-line)] hover:-translate-y-0.5 bg-card/50 backdrop-blur-xl border-border shadow-[var(--shadow-token-lg)] shadow-primary/5 rounded-[2rem] overflow-hidden relative group transition-all duration-500 hover:scale-[1.02]"[31m
          [36m>[31m
            [36m<div[31m
              [33mclass[31m=[32m"absolute top-0 right-0 w-24 h-24 bg-primary/10 blur-3xl -mr-8 -mt-8 transition-all group-hover:scale-150"[31m
            [36m/>[31m
            [36m<div[31m
              [33mclass[31m=[32m"p-6 pt-0 text-card-foreground p-8"[31m
            [36m>[31m
              [36m<div[31m
                [33mclass[31m=[32m"flex flex-col"[31m
              [36m>[31m
                [36m<span[31m
                  [33mclass[31m=[32m"text-[10px] font-black uppercase tracking-[0.2em] text-primary/60 mb-2"[31m
                [36m>[31m
                  [0mProtocolo de Salud[0m
                [36m</span>[31m
                [36m<span[31m
                  [33mclass[31m=[32m"text-4xl font-black tracking-tighter text-foreground leading-none"[31m
                [36m>[31m
                  [0mZero-Fault[0m
                [36m</span>[31m
                [36m<span[31m
                  [33mclass[31m=[32m"text-[10px] font-bold text-muted-foreground/40 mt-2 uppercase tracking-widest"[31m
                [36m>[31m
                  [0mTrazabilidad Total[0m
                [36m</span>[31m
              [36m</div>[31m
            [36m</div>[31m
          [36m</div>[31m
        [36m</div>[31m
      [36m</div>[31m
      [36m<div[31m
        [33mclass[31m=[32m"min-h-screen bg-slate-50/50 dark:bg-slate-950/50 text-foreground transition-colors duration-300 relative overflow-x-hidden"[31m
      [36m>[31m
        [36m<div[31m
          [33mclass[31m=[32m"fixed inset-0 -z-10 overflow-hidden pointer-events-none"[31m
        [36m>[31m
          [36m<div[31m
            [33mclass[31m=[32m"absolute top-[-10%] right-[-10%] w-[60%] h-[60%] bg-blue-500/5 dark:bg-blue-500/10 blur-[120px] rounded-[var(--radius-full)] animate-pulse"[31m
          [36m/>[31m
          [36m<div[31m
            [33mclass[31m=[...

Ignored nodes: comments, script, style
[36m<body[31m
  [33mclass[31m=[32m"theme-light"[31m
  [33mstyle[31m=[32m""[31m
[36m>[31m
  [36m<div>[31m
    [36m<div[31m
      [33mclass[31m=[32m"flex flex-col min-h-full relative overflow-y-auto bg-background"[31m
    [36m>[31m
      [36m<div[31m
        [33mclass[31m=[32m"absolute top-0 left-0 w-full h-full -z-10 overflow-hidden pointer-events-none"[31m
      [36m>[31m
        [36m<div[31m
          [33mclass[31m=[32m"absolute top-[-10%] right-[-10%] w-[50%] h-[50%] bg-primary/5 blur-[120px] rounded-[var(--radius-full)] animate-pulse"[31m
        [36m/>[31m
        [36m<div[31m
          [33mclass[31m=[32m"absolute bottom-[-10%] left-[-10%] w-[40%] h-[40%] bg-primary/5 blur-[120px] rounded-[var(--radius-full)] animate-pulse delay-700"[31m
        [36m/>[31m
      [36m</div>[31m
      [36m<div[31m
        [33mclass[31m=[32m"px-8 py-6 mb-2"[31m
      [36m>[31m
        [36m<div[31m
          [33mclass[31m=[32m"grid grid-cols-1 md:grid-cols-3 gap-6"[31m
        [36m>[31m
          [36m<div[31m
            [33mclass[31m=[32m"rounded-lg border-[var(--border-default)] bg-card text-card-foreground shadow-sm transition-all duration-300 ease-in-out hover:shadow-md hover:border-[var(--border-strong-line)] hover:-translate-y-0.5 bg-card/50 backdrop-blur-xl border-border shadow-[var(--shadow-token-lg)] shadow-primary/5 rounded-[2rem] overflow-hidden relative group transition-all duration-500 hover:scale-[1.02]"[31m
          [36m>[31m
            [36m<div[31m
              [33mclass[31m=[32m"absolute top-0 right-0 w-24 h-24 bg-primary/10 blur-3xl -mr-8 -mt-8 transition-all group-hover:scale-150"[31m
            [36m/>[31m
            [36m<div[31m
              [33mclass[31m=[32m"p-6 pt-0 text-card-foreground p-8"[31m
            [36m>[31m
              [36m<div[31m
                [33mclass[31m=[32m"flex flex-col"[31m
              [36m>[31m
                [36m<span[31m
                  [33mclass[31m=[32m"text-[10px] font-black uppercase tracking-[0.2em] text-primary/60 mb-2"[31m
                [36m>[31m
                  [0mPoblación Ganadera[0m
                [36m</span>[31m
                [36m<span[31m
                  [33mclass[31m=[32m"text-4xl font-black tracking-tighter text-foreground leading-none"[31m
                [36m>[31m
                  [0mVilla Luz[0m
                [36m</span>[31m
                [36m<span[31m
                  [33mclass[31m=[32m"text-[10px] font-bold text-muted-foreground/40 mt-2 uppercase tracking-widest"[31m
                [36m>[31m
                  [0mControl Genético v2.5[0m
                [36m</span>[31m
              [36m</div>[31m
            [36m</div>[31m
          [36m</div>[31m
          [36m<div[31m
            [33mclass[31m=[32m"rounded-lg border-[var(--border-default)] bg-card text-card-foreground shadow-sm transition-all duration-300 ease-in-out hover:shadow-md hover:border-[var(--border-strong-line)] hover:-translate-y-0.5 bg-card/50 backdrop-blur-xl border-border shadow-[var(--shadow-token-lg)] shadow-primary/5 rounded-[2rem] overflow-hidden relative group transition-all duration-500 hover:scale-[1.02]"[31m
          [36m>[31m
            [36m<div[31m
              [33mclass[31m=[32m"absolute top-0 right-0 w-24 h-24 bg-primary/10 blur-3xl -mr-8 -mt-8 transition-all group-hover:scale-150"[31m
            [36m/>[31m
            [36m<div[31m
              [33mclass[31m=[32m"p-6 pt-0 text-card-foreground p-8"[31m
            [36m>[31m
              [36m<div[31m
                [33mclass[31m=[32m"flex flex-col"[31m
              [36m>[31m
                [36m<span[31m
                  [33mclass[31m=[32m"text-[10px] font-black uppercase tracking-[0.2em] text-primary/60 mb-2"[31m
                [36m>[31m
                  [0mEstados Productivos[0m
                [36m</span>[31m
                [36m<span[31m
                  [33mclass[31m=[32m"text-4xl font-black tracking-tighter text-foreground leading-none"[31m
                [36m>[31m
                  [0mGestión Activa[0m
                [36m</span>[31m
                [36m<span[31m
                  [33mclass[31m=[32m"text-[10px] font-bold text-muted-foreground/40 mt-2 uppercase tracking-widest"[31m
                [36m>[31m
                  [0mMonitoreo Crystal[0m
                [36m</span>[31m
              [36m</div>[31m
            [36m</div>[31m
          [36m</div>[31m
          [36m<div[31m
            [33mclass[31m=[32m"rounded-lg border-[var(--border-default)] bg-card text-card-foreground shadow-sm transition-all duration-300 ease-in-out hover:shadow-md hover:border-[var(--border-strong-line)] hover:-translate-y-0.5 bg-card/50 backdrop-blur-xl border-border shadow-[var(--shadow-token-lg)] shadow-primary/5 rounded-[2rem] overflow-hidden relative group transition-all duration-500 hover:scale-[1.02]"[31m
          [36m>[31m
            [36m<div[31m
              [33mclass[31m=[32m"absolute top-0 right-0 w-24 h-24 bg-primary/10 blur-3xl -mr-8 -mt-8 transition-all group-hover:scale-150"[31m
            [36m/>[31m
            [36m<div[31m
              [33mclass[31m=[32m"p-6 pt-0 text-card-foreground p-8"[31m
            [36m>[31m
              [36m<div[31m
                [33mclass[31m=[32m"flex flex-col"[31m
              [36m>[31m
                [36m<span[31m
                  [33mclass[31m=[32m"text-[10px] font-black uppercase tracking-[0.2em] text-primary/60 mb-2"[31m
                [36m>[31m
                  [0mProtocolo de Salud[0m
                [36m</span>[31m
                [36m<span[31m
                  [33mclass[31m=[32m"text-4xl font-black tracking-tighter text-foreground leading-none"[31m
                [36m>[31m
                  [0mZero-Fault[0m
                [36m</span>[31m
                [36m<span[31m
                  [33mclass[31m=[32m"text-[10px] font-bold text-muted-foreground/40 mt-2 uppercase tracking-widest"[31m
                [36m>[31m
                  [0mTrazabilidad Total[0m
                [36m</span>[31m
              [36m</div>[31m
            [36m</div>[31m
          [36m</div>[31m
        [36m</div>[31m
      [36m</div>[31m
      [36m<div[31m
        [33mclass[31m=[32m"min-h-screen bg-slate-50/50 dark:bg-slate-950/50 text-foreground transition-colors duration-300 relative overflow-x-hidden"[31m
      [36m>[31m
        [36m<div[31m
          [33mclass[31m=[32m"fixed inset-0 -z-10 overflow-hidden pointer-events-none"[31m
        [36m>[31m
          [36m<div[31m
            [33mclass[31m=[32m"absolute top-[-10%] right-[-10%] w-[60%] h-[60%] bg-blue-500/5 dark:bg-blue-500/10 blur-[120px] rounded-[var(--radius-full)] animate-pulse"[31m
          [36m/>[31m
          [36m<div[31m
            [33mclass[31m=[...[39m

[31m⎯⎯⎯⎯⎯⎯⎯[39m[1m[41m Failed Tests 1 [49m[22m[31m⎯⎯⎯⎯⎯⎯⎯[39m

[41m[1m FAIL [22m[49m src/test/integration/animales.test.tsx[2m > [22mMódulo Animales — Integración[2m > 
[22mmuestra error cuando falla la API de carga
[31m[1mTestingLibraryElementError[22m[39m: Unable to find an element with the text: Error de Sistema. This could 
be because the text is broken up by multiple elements. In this case, you can provide a function for your text matcher 
to make your matcher more flexible.

Ignored nodes: comments, script, style
[36m<body[39m
  [33mclass[39m=[32m"theme-light"[39m
  [33mstyle[39m=[32m""[39m
[36m>[39m
  [36m<div>[39m
    [36m<div[39m
      [33mclass[39m=[32m"flex flex-col min-h-full relative overflow-y-auto bg-background"[39m
    [36m>[39m
      [36m<div[39m
        [33mclass[39m=[32m"absolute top-0 left-0 w-full h-full -z-10 overflow-hidden pointer-events-none"[39m
      [36m>[39m
        [36m<div[39m
          [33mclass[39m=[32m"absolute top-[-10%] right-[-10%] w-[50%] h-[50%] bg-primary/5 blur-[120px] 
rounded-[var(--radius-full)] animate-pulse"[39m
        [36m/>[39m
        [36m<div[39m
          [33mclass[39m=[32m"absolute bottom-[-10%] left-[-10%] w-[40%] h-[40%] bg-primary/5 blur-[120px] 
rounded-[var(--radius-full)] animate-pulse delay-700"[39m
        [36m/>[39m
      [36m</div>[39m
      [36m<div[39m
        [33mclass[39m=[32m"px-8 py-6 mb-2"[39m
      [36m>[39m
        [36m<div[39m
          [33mclass[39m=[32m"grid grid-cols-1 md:grid-cols-3 gap-6"[39m
        [36m>[39m
          [36m<div[39m
            [33mclass[39m=[32m"rounded-lg border-[var(--border-default)] bg-card text-card-foreground shadow-sm 
transition-all duration-300 ease-in-out hover:shadow-md hover:border-[var(--border-strong-line)] 
hover:-translate-y-0.5 bg-card/50 backdrop-blur-xl border-border shadow-[var(--shadow-token-lg)] shadow-primary/5 
rounded-[2rem] overflow-hidden relative group transition-all duration-500 hover:scale-[1.02]"[39m
          [36m>[39m
            [36m<div[39m
              [33mclass[39m=[32m"absolute top-0 right-0 w-24 h-24 bg-primary/10 blur-3xl -mr-8 -mt-8 transition-all 
group-hover:scale-150"[39m
            [36m/>[39m
            [36m<div[39m
              [33mclass[39m=[32m"p-6 pt-0 text-card-foreground p-8"[39m
            [36m>[39m
              [36m<div[39m
                [33mclass[39m=[32m"flex flex-col"[39m
              [36m>[39m
                [36m<span[39m
                  [33mclass[39m=[32m"text-[10px] font-black uppercase tracking-[0.2em] text-primary/60 mb-2"[39m
                [36m>[39m
                  [0mPoblación Ganadera[0m
                [36m</span>[39m
                [36m<span[39m
                  [33mclass[39m=[32m"text-4xl font-black tracking-tighter text-foreground leading-none"[39m
                [36m>[39m
                  [0mVilla Luz[0m
                [36m</span>[39m
                [36m<span[39m
                  [33mclass[39m=[32m"text-[10px] font-bold text-muted-foreground/40 mt-2 uppercase 
tracking-widest"[39m
                [36m>[39m
                  [0mControl Genético v2.5[0m
                [36m</span>[39m
              [36m</div>[39m
            [36m</div>[39m
          [36m</div>[39m
          [36m<div[39m
            [33mclass[39m=[32m"rounded-lg border-[var(--border-default)] bg-card text-card-foreground shadow-sm 
transition-all duration-300 ease-in-out hover:shadow-md hover:border-[var(--border-strong-line)] 
hover:-translate-y-0.5 bg-card/50 backdrop-blur-xl border-border shadow-[var(--shadow-token-lg)] shadow-primary/5 
rounded-[2rem] overflow-hidden relative group transition-all duration-500 hover:scale-[1.02]"[39m
          [36m>[39m
            [36m<div[39m
              [33mclass[39m=[32m"absolute top-0 right-0 w-24 h-24 bg-primary/10 blur-3xl -mr-8 -mt-8 transition-all 
group-hover:scale-150"[39m
            [36m/>[39m
            [36m<div[39m
              [33mclass[39m=[32m"p-6 pt-0 text-card-foreground p-8"[39m
            [36m>[39m
              [36m<div[39m
                [33mclass[39m=[32m"flex flex-col"[39m
              [36m>[39m
                [36m<span[39m
                  [33mclass[39m=[32m"text-[10px] font-black uppercase tracking-[0.2em] text-primary/60 mb-2"[39m
                [36m>[39m
                  [0mEstados Productivos[0m
                [36m</span>[39m
                [36m<span[39m
                  [33mclass[39m=[32m"text-4xl font-black tracking-tighter text-foreground leading-none"[39m
                [36m>[39m
                  [0mGestión Activa[0m
                [36m</span>[39m
                [36m<span[39m
                  [33mclass[39m=[32m"text-[10px] font-bold text-muted-foreground/40 mt-2 uppercase 
tracking-widest"[39m
                [36m>[39m
                  [0mMonitoreo Crystal[0m
                [36m</span>[39m
              [36m</div>[39m
            [36m</div>[39m
          [36m</div>[39m
          [36m<div[39m
            [33mclass[39m=[32m"rounded-lg border-[var(--border-default)] bg-card text-card-foreground shadow-sm 
transition-all duration-300 ease-in-out hover:shadow-md hover:border-[var(--border-strong-line)] 
hover:-translate-y-0.5 bg-card/50 backdrop-blur-xl border-border shadow-[var(--shadow-token-lg)] shadow-primary/5 
rounded-[2rem] overflow-hidden relative group transition-all duration-500 hover:scale-[1.02]"[39m
          [36m>[39m
            [36m<div[39m
              [33mclass[39m=[32m"absolute top-0 right-0 w-24 h-24 bg-primary/10 blur-3xl -mr-8 -mt-8 transition-all 
group-hover:scale-150"[39m
            [36m/>[39m
            [36m<div[39m
              [33mclass[39m=[32m"p-6 pt-0 text-card-foreground p-8"[39m
            [36m>[39m
              [36m<div[39m
                [33mclass[39m=[32m"flex flex-col"[39m
              [36m>[39m
                [36m<span[39m
                  [33mclass[39m=[32m"text-[10px] font-black uppercase tracking-[0.2em] text-primary/60 mb-2"[39m
                [36m>[39m
                  [0mProtocolo de Salud[0m
                [36m</span>[39m
                [36m<span[39m
                  [33mclass[39m=[32m"text-4xl font-black tracking-tighter text-foreground leading-none"[39m
                [36m>[39m
                  [0mZero-Fault[0m
                [36m</span>[39m
                [36m<span[39m
                  [33mclass[39m=[32m"text-[10px] font-bold text-muted-foreground/40 mt-2 uppercase 
tracking-widest"[39m
                [36m>[39m
                  [0mTrazabilidad Total[0m
                [36m</span>[39m
              [36m</div>[39m
            [36m</div>[39m
          [36m</div>[39m
        [36m</div>[39m
      [36m</div>[39m
      [36m<div[39m
        [33mclass[39m=[32m"min-h-screen bg-slate-50/50 dark:bg-slate-950/50 text-foreground transition-colors 
duration-300 relative overflow-x-hidden"[39m
      [36m>[39m
        [36m<div[39m
          [33mclass[39m=[32m"fixed inset-0 -z-10 overflow-hidden pointer-events-none"[39m
        [36m>[39m
          [36m<div[39m
            [33mclass[39m=[32m"absolute top-[-10%] right-[-10%] w-[60%] h-[60%] bg-blue-500/5 dark:bg-blue-500/10 
blur-[120px] rounded-[var(--radius-full)] animate-pulse"[39m
          [36m/>[39m
          [36m<div[39m
            [33mclass[39m=[...

Ignored nodes: comments, script, style
[36m<body[39m
  [33mclass[39m=[32m"theme-light"[39m
  [33mstyle[39m=[32m""[39m
[36m>[39m
  [36m<div>[39m
    [36m<div[39m
      [33mclass[39m=[32m"flex flex-col min-h-full relative overflow-y-auto bg-background"[39m
    [36m>[39m
      [36m<div[39m
        [33mclass[39m=[32m"absolute top-0 left-0 w-full h-full -z-10 overflow-hidden pointer-events-none"[39m
      [36m>[39m
        [36m<div[39m
          [33mclass[39m=[32m"absolute top-[-10%] right-[-10%] w-[50%] h-[50%] bg-primary/5 blur-[120px] 
rounded-[var(--radius-full)] animate-pulse"[39m
        [36m/>[39m
        [36m<div[39m
          [33mclass[39m=[32m"absolute bottom-[-10%] left-[-10%] w-[40%] h-[40%] bg-primary/5 blur-[120px] 
rounded-[var(--radius-full)] animate-pulse delay-700"[39m
        [36m/>[39m
      [36m</div>[39m
      [36m<div[39m
        [33mclass[39m=[32m"px-8 py-6 mb-2"[39m
      [36m>[39m
        [36m<div[39m
          [33mclass[39m=[32m"grid grid-cols-1 md:grid-cols-3 gap-6"[39m
        [36m>[39m
          [36m<div[39m
            [33mclass[39m=[32m"rounded-lg border-[var(--border-default)] bg-card text-card-foreground shadow-sm 
transition-all duration-300 ease-in-out hover:shadow-md hover:border-[var(--border-strong-line)] 
hover:-translate-y-0.5 bg-card/50 backdrop-blur-xl border-border shadow-[var(--shadow-token-lg)] shadow-primary/5 
rounded-[2rem] overflow-hidden relative group transition-all duration-500 hover:scale-[1.02]"[39m
          [36m>[39m
            [36m<div[39m
              [33mclass[39m=[32m"absolute top-0 right-0 w-24 h-24 bg-primary/10 blur-3xl -mr-8 -mt-8 transition-all 
group-hover:scale-150"[39m
            [36m/>[39m
            [36m<div[39m
              [33mclass[39m=[32m"p-6 pt-0 text-card-foreground p-8"[39m
            [36m>[39m
              [36m<div[39m
                [33mclass[39m=[32m"flex flex-col"[39m
              [36m>[39m
                [36m<span[39m
                  [33mclass[39m=[32m"text-[10px] font-black uppercase tracking-[0.2em] text-primary/60 mb-2"[39m
                [36m>[39m
                  [0mPoblación Ganadera[0m
                [36m</span>[39m
                [36m<span[39m
                  [33mclass[39m=[32m"text-4xl font-black tracking-tighter text-foreground leading-none"[39m
                [36m>[39m
                  [0mVilla Luz[0m
                [36m</span>[39m
                [36m<span[39m
                  [33mclass[39m=[32m"text-[10px] font-bold text-muted-foreground/40 mt-2 uppercase 
tracking-widest"[39m
                [36m>[39m
                  [0mControl Genético v2.5[0m
                [36m</span>[39m
              [36m</div>[39m
            [36m</div>[39m
          [36m</div>[39m
          [36m<div[39m
            [33mclass[39m=[32m"rounded-lg border-[var(--border-default)] bg-card text-card-foreground shadow-sm 
transition-all duration-300 ease-in-out hover:shadow-md hover:border-[var(--border-strong-line)] 
hover:-translate-y-0.5 bg-card/50 backdrop-blur-xl border-border shadow-[var(--shadow-token-lg)] shadow-primary/5 
rounded-[2rem] overflow-hidden relative group transition-all duration-500 hover:scale-[1.02]"[39m
          [36m>[39m
            [36m<div[39m
              [33mclass[39m=[32m"absolute top-0 right-0 w-24 h-24 bg-primary/10 blur-3xl -mr-8 -mt-8 transition-all 
group-hover:scale-150"[39m
            [36m/>[39m
            [36m<div[39m
              [33mclass[39m=[32m"p-6 pt-0 text-card-foreground p-8"[39m
            [36m>[39m
              [36m<div[39m
                [33mclass[39m=[32m"flex flex-col"[39m
              [36m>[39m
                [36m<span[39m

[2m Test Files [22m [1m[31m1 failed[39m[22m[90m (1)[39m
[2m      Tests [22m [1m[31m1 failed[39m[22m[2m | [22m[1m[32m2 passed[39m[22m[90m (3)[39m
[2m   Start at [22m 17:34:15
[2m   Duration [22m 12.76s[2m (transform 2.18s, setup 354ms, import 5.70s, tests 5.45s, environment 1.03s)[22m

                  [33mclass[39m=[32m"text-[10px] font-black uppercase tracking-[0.2em] text-primary/60 mb-2"[39m
                [36m>[39m
                  [0mEstados Productivos[0m
                [36m</span>[39m
                [36m<span[39m
                  [33mclass[39m=[32m"text-4xl font-black tracking-tighter text-foreground leading-none"[39m
                [36m>[39m
                  [0mGestión Activa[0m
                [36m</span>[39m
                [36m<span[39m
                  [33mclass[39m=[32m"text-[10px] font-bold text-muted-foreground/40 mt-2 uppercase 
tracking-widest"[39m
                [36m>[39m
                  [0mMonitoreo Crystal[0m
                [36m</span>[39m
              [36m</div>[39m
            [36m</div>[39m
          [36m</div>[39m
          [36m<div[39m
            [33mclass[39m=[32m"rounded-lg border-[var(--border-default)] bg-card text-card-foreground shadow-sm 
transition-all duration-300 ease-in-out hover:shadow-md hover:border-[var(--border-strong-line)] 
hover:-translate-y-0.5 bg-card/50 backdrop-blur-xl border-border shadow-[var(--shadow-token-lg)] shadow-primary/5 
rounded-[2rem] overflow-hidden relative group transition-all duration-500 hover:scale-[1.02]"[39m
          [36m>[39m
            [36m<div[39m
              [33mclass[39m=[32m"absolute top-0 right-0 w-24 h-24 bg-primary/10 blur-3xl -mr-8 -mt-8 transition-all 
group-hover:scale-150"[39m
            [36m/>[39m
            [36m<div[39m
              [33mclass[39m=[32m"p-6 pt-0 text-card-foreground p-8"[39m
            [36m>[39m
              [36m<div[39m
                [33mclass[39m=[32m"flex flex-col"[39m
              [36m>[39m
                [36m<span[39m
                  [33mclass[39m=[32m"text-[10px] font-black uppercase tracking-[0.2em] text-primary/60 mb-2"[39m
                [36m>[39m
                  [0mProtocolo de Salud[0m
                [36m</span>[39m
                [36m<span[39m
                  [33mclass[39m=[32m"text-4xl font-black tracking-tighter text-foreground leading-none"[39m
                [36m>[39m
                  [0mZero-Fault[0m
                [36m</span>[39m
                [36m<span[39m
                  [33mclass[39m=[32m"text-[10px] font-bold text-muted-foreground/40 mt-2 uppercase 
tracking-widest"[39m
                [36m>[39m
                  [0mTrazabilidad Total[0m
                [36m</span>[39m
              [36m</div>[39m
            [36m</div>[39m
          [36m</div>[39m
        [36m</div>[39m
      [36m</div>[39m
      [36m<div[39m
        [33mclass[39m=[32m"min-h-screen bg-slate-50/50 dark:bg-slate-950/50 text-foreground transition-colors 
duration-300 relative overflow-x-hidden"[39m
      [36m>[39m
        [36m<div[39m
          [33mclass[39m=[32m"fixed inset-0 -z-10 overflow-hidden pointer-events-none"[39m
        [36m>[39m
          [36m<div[39m
            [33mclass[39m=[32m"absolute top-[-10%] right-[-10%] w-[60%] h-[60%] bg-blue-500/5 dark:bg-blue-500/10 
blur-[120px] rounded-[var(--radius-full)] animate-pulse"[39m
          [36m/>[39m
          [36m<div[39m
            [33mclass[39m=[...
[90m [2m❯[22m waitForWrapper node_modules/@testing-library/dom/dist/wait-for.js:[2m163:27[22m[39m
[90m [2m❯[22m node_modules/@testing-library/dom/dist/query-helpers.js:[2m86:33[22m[39m
[36m [2m❯[22m src/test/integration/animales.test.tsx:[2m155:18[22m[39m
    [90m153|[39m
    [90m154|[39m     [90m// Esperar un momento y registrar el DOM[39m
    [90m155|[39m     [35mawait[39m [35mnew[39m [33mPromise[39m((resolve) [33m=>[39m 
[34msetTimeout[39m(resolve[33m,[39m [34m1000[39m))
    [90m   |[39m                  [31m^[39m
    [90m156|[39m     console[33m.[39m[34mlog[39m([32m"DIAGNOSTIC DOM STATE:"[39m)
    [90m157|[39m     console[33m.[39m[34mlog[39m(document[33m.[39mbody[33m.[39minnerHTML)

[31m[2m⎯⎯⎯⎯⎯⎯⎯⎯⎯⎯⎯⎯⎯⎯⎯⎯⎯⎯⎯⎯⎯⎯⎯⎯[1/1]⎯[22m[39m

